// Jest Snapshot v1, https://goo.gl/fbAQLP

exports[`<Button /> should render button and match snapshot 1`] = `ShallowWrapper {}`;

exports[`<Button /> should render button with class 1`] = `ShallowWrapper {}`;

exports[`<Button /> should render button with label 1`] = `ShallowWrapper {}`;
