// Jest Snapshot v1, https://goo.gl/fbAQLP

exports[`<movieAppReducer /> should return the initial state 1`] = `
Object {
  "moviesFound": 0,
  "moviesList": Array [],
  "searchInputValue": "",
  "selectedFilterOption": "title",
  "selectedMovieInfo": Object {},
  "selectedSortOption": "release",
}
`;
