// Jest Snapshot v1, https://goo.gl/fbAQLP

exports[`<Footer /> should contain logo 1`] = `ShallowWrapper {}`;

exports[`<Footer /> should render header and match snapshot 1`] = `ShallowWrapper {}`;
