// Jest Snapshot v1, https://goo.gl/fbAQLP

exports[`<AppLogo /> should render logo and match snapshot 1`] = `ShallowWrapper {}`;
