// Jest Snapshot v1, https://goo.gl/fbAQLP

exports[`<NoResults /> should render no results block and match shapshot 1`] = `ShallowWrapper {}`;
