// Jest Snapshot v1, https://goo.gl/fbAQLP

exports[`<MovieInfo /> should render movie info and match snapshot 1`] = `undefined`;
