// Jest Snapshot v1, https://goo.gl/fbAQLP

exports[`<SearchForm /> should render search form and match snapshot 1`] = `ShallowWrapper {}`;
