// Jest Snapshot v1, https://goo.gl/fbAQLP

exports[`<SearchResults /> should render search results block and match snapshot 1`] = `ShallowWrapper {}`;
