// Jest Snapshot v1, https://goo.gl/fbAQLP

exports[`<MovieList /> should render movie list and match snapshot 1`] = `ShallowWrapper {}`;
