// Jest Snapshot v1, https://goo.gl/fbAQLP

exports[`<MovieCard /> should render radio group and match snapshot 1`] = `ReactWrapper {}`;
