// Jest Snapshot v1, https://goo.gl/fbAQLP

exports[`<ErrorBoundary /> should render error boundary and match snapshot 1`] = `ShallowWrapper {}`;
